MO testbench NULL "D:/git repositories/vlsi-dsp/lab/lab 6 - moore fsm using overlapping method/moore_fsm_overlapping_method_ise/seq_tb.v" vlg6C/testbench.bin 1685936175
MO seq_detector NULL "D:/git repositories/vlsi-dsp/lab/lab 6 - moore fsm using overlapping method/moore_fsm_overlapping_method_ise/seq_detector.v" vlg1A/seq__detector.bin 1685936175
MO glbl NULL C:/Xilinx92i/verilog/src/glbl.v vlg2D/glbl.bin 1685936175
