MO convolutional_encoder_tb NULL "D:/git repositories/vlsi-dsp/lab/lab 3 - convolution encoding/convolution_encoding_ise/encode_tb.v" vlg11/convolutional__encoder__tb.bin 1685287788
MO convolutional_encoder NULL "D:/git repositories/vlsi-dsp/lab/lab 3 - convolution encoding/convolution_encoding_ise/convolutional_encoder.v" vlg74/convolutional__encoder.bin 1685287825
MO encode_tb NULL "D:/git repositories/vlsi-dsp/lab/lab 3 - convolution encoding/convolution_encoding_ise/encode_tb.v" vlg73/encode__tb.bin 1685287825
MO glbl NULL C:/Xilinx92i/verilog/src/glbl.v vlg2D/glbl.bin 1685287825
